[    0.000000] Initializing cgroup subsys cpuset
[    0.000000] Initializing cgroup subsys cpu
[    0.000000] Initializing cgroup subsys cpuacct
[    0.000000] Linux version 4.4.0-121-generic (buildd@lcy01-amd64-004) (gcc version 5.4.0 20160609 (Ubuntu 5.4.0-6ubuntu1~16.04.9) ) #145-Ubuntu SMP Fri Apr 13 13:47:23 UTC 2018 (Ubuntu 4.4.0-121.145-generic 4.4.117)
[    0.000000] Command line: BOOT_IMAGE=/boot/vmlinuz-4.4.0-121-generic root=UUID=b69fcaa8-51c4-4097-b089-4973e52fd39b ro console=tty1 console=ttyS0
[    0.000000] KERNEL supported cpus:
[    0.000000]   Intel GenuineIntel
[    0.000000]   AMD AuthenticAMD
[    0.000000]   Centaur CentaurHauls
[    0.000000] x86/fpu: xstate_offset[2]:  576, xstate_sizes[2]:  256
[    0.000000] x86/fpu: Supporting XSAVE feature 0x01: 'x87 floating point registers'
[    0.000000] x86/fpu: Supporting XSAVE feature 0x02: 'SSE registers'
[    0.000000] x86/fpu: Supporting XSAVE feature 0x04: 'AVX registers'
[    0.000000] x86/fpu: Enabled xstate features 0x7, context size is 832 bytes, using 'standard' format.
[    0.000000] x86/fpu: Using 'lazy' FPU context switches.
[    0.000000] e820: BIOS-provided physical RAM map:
[    0.000000] BIOS-e820: [mem 0x0000000000000000-0x000000000009fbff] usable
[    0.000000] BIOS-e820: [mem 0x000000000009fc00-0x000000000009ffff] reserved
[    0.000000] BIOS-e820: [mem 0x00000000000f0000-0x00000000000fffff] reserved
[    0.000000] BIOS-e820: [mem 0x0000000000100000-0x000000003ffeffff] usable
[    0.000000] BIOS-e820: [mem 0x000000003fff0000-0x000000003fffffff] ACPI data
[    0.000000] BIOS-e820: [mem 0x00000000fec00000-0x00000000fec00fff] reserved
[    0.000000] BIOS-e820: [mem 0x00000000fee00000-0x00000000fee00fff] reserved
[    0.000000] BIOS-e820: [mem 0x00000000fffc0000-0x00000000ffffffff] reserved
[    0.000000] NX (Execute Disable) protection: active
[    0.000000] SMBIOS 2.5 present.
[    0.000000] Hypervisor detected: KVM
[    0.000000] e820: last_pfn = 0x3fff0 max_arch_pfn = 0x400000000
[    0.000000] MTRR: Disabled
[    0.000000] x86/PAT: MTRRs disabled, skipping PAT initialization too.
[    0.000000] CPU MTRRs all blank - virtualized system.
[    0.000000] x86/PAT: Configuration [0-7]: WB  WT  UC- UC  WB  WT  UC- UC  
[    0.000000] found SMP MP-table at [mem 0x0009fff0-0x0009ffff] mapped at [ffff88000009fff0]
[    0.000000] Scanning 1 areas for low memory corruption
[    0.000000] RAMDISK: [mem 0x361f6000-0x370f2fff]
[    0.000000] ACPI: Early table checksum verification disabled
[    0.000000] ACPI: RSDP 0x00000000000E0000 000024 (v02 VBOX  )
[    0.000000] ACPI: XSDT 0x000000003FFF0030 00003C (v01 VBOX   VBOXXSDT 00000001 ASL  00000061)
[    0.000000] ACPI: FACP 0x000000003FFF00F0 0000F4 (v04 VBOX   VBOXFACP 00000001 ASL  00000061)
[    0.000000] ACPI: DSDT 0x000000003FFF0470 0021FF (v02 VBOX   VBOXBIOS 00000002 INTL 20100528)
[    0.000000] ACPI: FACS 0x000000003FFF0200 000040
[    0.000000] ACPI: FACS 0x000000003FFF0200 000040
[    0.000000] ACPI: APIC 0x000000003FFF0240 00005C (v02 VBOX   VBOXAPIC 00000001 ASL  00000061)
[    0.000000] ACPI: SSDT 0x000000003FFF02A0 0001CC (v01 VBOX   VBOXCPUT 00000002 INTL 20100528)
[    0.000000] No NUMA configuration found
[    0.000000] Faking a node at [mem 0x0000000000000000-0x000000003ffeffff]
[    0.000000] NODE_DATA(0) allocated [mem 0x3ffeb000-0x3ffeffff]
[    0.000000] kvm-clock: Using msrs 4b564d01 and 4b564d00
[    0.000000] kvm-clock: cpu 0, msr 0:3ffe3001, primary cpu clock
[    0.000000] kvm-clock: using sched offset of 3870324913 cycles
[    0.000000] clocksource: kvm-clock: mask: 0xffffffffffffffff max_cycles: 0x1cd42e4dffb, max_idle_ns: 881590591483 ns
[    0.000000] Zone ranges:
[    0.000000]   DMA      [mem 0x0000000000001000-0x0000000000ffffff]
[    0.000000]   DMA32    [mem 0x0000000001000000-0x000000003ffeffff]
[    0.000000]   Normal   empty
[    0.000000]   Device   empty
[    0.000000] Movable zone start for each node
[    0.000000] Early memory node ranges
[    0.000000]   node   0: [mem 0x0000000000001000-0x000000000009efff]
[    0.000000]   node   0: [mem 0x0000000000100000-0x000000003ffeffff]
[    0.000000] Initmem setup node 0 [mem 0x0000000000001000-0x000000003ffeffff]
[    0.000000] ACPI: PM-Timer IO Port: 0x4008
[    0.000000] IOAPIC[0]: apic_id 2, version 32, address 0xfec00000, GSI 0-23
[    0.000000] ACPI: INT_SRC_OVR (bus 0 bus_irq 0 global_irq 2 dfl dfl)
[    0.000000] ACPI: INT_SRC_OVR (bus 0 bus_irq 9 global_irq 9 high level)
[    0.000000] Using ACPI (MADT) for SMP configuration information
[    0.000000] smpboot: Allowing 2 CPUs, 0 hotplug CPUs
[    0.000000] PM: Registered nosave memory: [mem 0x00000000-0x00000fff]
[    0.000000] PM: Registered nosave memory: [mem 0x0009f000-0x0009ffff]
[    0.000000] PM: Registered nosave memory: [mem 0x000a0000-0x000effff]
[    0.000000] PM: Registered nosave memory: [mem 0x000f0000-0x000fffff]
[    0.000000] e820: [mem 0x40000000-0xfebfffff] available for PCI devices
[    0.000000] Booting paravirtualized kernel on KVM
[    0.000000] clocksource: refined-jiffies: mask: 0xffffffff max_cycles: 0xffffffff, max_idle_ns: 7645519600211568 ns
[    0.000000] setup_percpu: NR_CPUS:512 nr_cpumask_bits:512 nr_cpu_ids:2 nr_node_ids:1
[    0.000000] PERCPU: Embedded 34 pages/cpu @ffff88003fc00000 s99544 r8192 d31528 u1048576
[    0.000000] PV qspinlock hash table entries: 256 (order: 0, 4096 bytes)
[    0.000000] Built 1 zonelists in Node order, mobility grouping on.  Total pages: 257912
[    0.000000] Policy zone: DMA32
[    0.000000] Kernel command line: BOOT_IMAGE=/boot/vmlinuz-4.4.0-121-generic root=UUID=b69fcaa8-51c4-4097-b089-4973e52fd39b ro console=tty1 console=ttyS0
[    0.000000] PID hash table entries: 4096 (order: 3, 32768 bytes)
[    0.000000] Memory: 997176K/1048120K available (8532K kernel code, 1313K rwdata, 3996K rodata, 1508K init, 1316K bss, 50944K reserved, 0K cma-reserved)
[    0.000000] SLUB: HWalign=64, Order=0-3, MinObjects=0, CPUs=2, Nodes=1
[    0.000000] Kernel/User page tables isolation: enabled
[    0.000000] Hierarchical RCU implementation.
[    0.000000] 	Build-time adjustment of leaf fanout to 64.
[    0.000000] 	RCU restricting CPUs from NR_CPUS=512 to nr_cpu_ids=2.
[    0.000000] RCU: Adjusting geometry for rcu_fanout_leaf=64, nr_cpu_ids=2
[    0.000000] NR_IRQS:33024 nr_irqs:440 16
[    0.000000] Console: colour VGA+ 80x25
[    0.000000] console [tty1] enabled
[    0.000000] console [ttyS0] enabled
[    0.000000] tsc: Detected 2303.998 MHz processor
[    5.626817] Calibrating delay loop (skipped) preset value.. 4607.99 BogoMIPS (lpj=9215992)
[    5.660873] pid_max: default: 32768 minimum: 301
[    5.669167] ACPI: Core revision 20150930
[    5.688125] ACPI: 2 ACPI AML tables successfully acquired and loaded
[    5.719677] Security Framework initialized
[    5.721649] Yama: becoming mindful.
[    5.735158] AppArmor: AppArmor initialized
[    5.736648] Dentry cache hash table entries: 131072 (order: 8, 1048576 bytes)
[    5.845801] Inode-cache hash table entries: 65536 (order: 7, 524288 bytes)
[    5.935090] Mount-cache hash table entries: 2048 (order: 2, 16384 bytes)
[    5.965206] Mountpoint-cache hash table entries: 2048 (order: 2, 16384 bytes)
[    6.004446] Initializing cgroup subsys io
[    6.007997] Initializing cgroup subsys memory
[    6.015254] Initializing cgroup subsys devices
[    6.019812] Initializing cgroup subsys freezer
[    6.033064] Initializing cgroup subsys net_cls
[    6.052811] Initializing cgroup subsys perf_event
[    6.055274] Initializing cgroup subsys net_prio
[    6.089431] Initializing cgroup subsys hugetlb
[    6.109213] Initializing cgroup subsys pids
[    6.128135] CPU: Physical Processor ID: 0
[    6.134960] CPU: Processor Core ID: 0
[    6.168139] FEATURE SPEC_CTRL Not Present
[    6.188845] mce: CPU supports 0 MCE banks
[    6.210570] Last level iTLB entries: 4KB 64, 2MB 8, 4MB 8
[    6.252834] Last level dTLB entries: 4KB 64, 2MB 0, 4MB 0, 1GB 4
[    6.264797] Spectre V2 mitigation: Mitigation: Full generic retpoline
[    6.279471] Spectre V2 mitigation: Speculation control IBPB not-supported IBRS not-supported
[    6.293053] Spectre V2 mitigation: Filling RSB on context switch
[    6.324440] Freeing SMP alternatives memory: 32K
[    6.369142] ftrace: allocating 32202 entries in 126 pages
[    6.494771] smpboot: APIC(0) Converting physical 0 to logical package 0
[    6.557903] smpboot: Max logical packages: 1
[    6.623699] x2apic enabled
[    6.641637] Switched APIC routing to physical x2apic.
[    6.671200] ..TIMER: vector=0x30 apic1=0 pin1=2 apic2=-1 pin2=-1
[    6.794476] smpboot: CPU0: Intel(R) Core(TM) i5-7360U CPU @ 2.30GHz (family: 0x6, model: 0x8e, stepping: 0x9)
[    6.868691] Performance Events: unsupported p6 CPU model 142 no PMU driver, software events only.
[    6.929619] KVM setup paravirtual spinlock
[    6.939274] x86: Booting SMP configuration:
[    6.953390] .... node  #0, CPUs:      #1
[    6.960094] kvm-clock: cpu 1, msr 0:3ffe3041, secondary cpu clock
[    7.009428] mce: CPU supports 0 MCE banks
[    7.052567] x86: Booted up 1 node, 2 CPUs
[    7.062170] smpboot: Total of 2 processors activated (9215.99 BogoMIPS)
[    7.126897] devtmpfs: initialized
[    7.160224] evm: security.selinux
[    7.166546] evm: security.SMACK64
[    7.186145] evm: security.SMACK64EXEC
[    7.187941] evm: security.SMACK64TRANSMUTE
[    7.202918] evm: security.SMACK64MMAP
[    7.208775] evm: security.ima
[    7.230802] evm: security.capability
[    7.257630] clocksource: jiffies: mask: 0xffffffff max_cycles: 0xffffffff, max_idle_ns: 7645041785100000 ns
[    7.416558] futex hash table entries: 512 (order: 3, 32768 bytes)
[    7.557486] pinctrl core: initialized pinctrl subsystem
[    7.569821] RTC time:  2:35:04, date: 04/25/18
[    7.581921] NET: Registered protocol family 16
[    7.618597] cpuidle: using governor ladder
[    7.646420] cpuidle: using governor menu
[    7.653671] PCCT header not found.
[    7.673286] ACPI: bus type PCI registered
[    7.689637] acpiphp: ACPI Hot Plug PCI Controller Driver version: 0.5
[    7.704140] PCI: Using configuration type 1 for base access
[    7.755620] ACPI: Added _OSI(Module Device)
[    7.781644] ACPI: Added _OSI(Processor Device)
[    7.806797] ACPI: Added _OSI(3.0 _SCP Extensions)
[    7.819805] ACPI: Added _OSI(Processor Aggregator Device)
[    7.831882] ACPI: Executed 1 blocks of module-level executable AML code
[    7.893361] ACPI: Interpreter enabled
[    7.972325] ACPI: (supports S0 S5)
[    8.041275] ACPI: Using IOAPIC for interrupt routing
[    8.106958] PCI: Using host bridge windows from ACPI; if necessary, use "pci=nocrs" and report a bug
[    8.243082] ACPI: PCI Root Bridge [PCI0] (domain 0000 [bus 00-ff])
[    8.374364] acpi PNP0A03:00: _OSC: OS supports [ASPM ClockPM Segments MSI]
[    8.482490] acpi PNP0A03:00: _OSC: not requesting OS control; OS requires [ExtendedConfig ASPM ClockPM MSI]
[    8.658738] acpi PNP0A03:00: fail to add MMCONFIG information, can't access extended PCI configuration space under this bridge.
[    8.683587] PCI host bridge to bus 0000:00
[    8.703432] pci_bus 0000:00: root bus resource [io  0x0000-0x0cf7 window]
[    8.720681] pci_bus 0000:00: root bus resource [io  0x0d00-0xffff window]
[    8.749566] pci_bus 0000:00: root bus resource [mem 0x000a0000-0x000bffff window]
[    8.772516] pci_bus 0000:00: root bus resource [mem 0x40000000-0xffdfffff window]
[    8.804130] pci_bus 0000:00: root bus resource [bus 00-ff]
[    8.833303] pci 0000:00:01.1: legacy IDE quirk: reg 0x10: [io  0x01f0-0x01f7]
[    8.869792] pci 0000:00:01.1: legacy IDE quirk: reg 0x14: [io  0x03f6]
[    8.884704] pci 0000:00:01.1: legacy IDE quirk: reg 0x18: [io  0x0170-0x0177]
[    8.921530] pci 0000:00:01.1: legacy IDE quirk: reg 0x1c: [io  0x0376]
[    8.989581] pci 0000:00:07.0: quirk: [io  0x4000-0x403f] claimed by PIIX4 ACPI
[    9.012337] pci 0000:00:07.0: quirk: [io  0x4100-0x410f] claimed by PIIX4 SMB
[    9.028250] ACPI: PCI Interrupt Link [LNKA] (IRQs 5 9 10 *11)
[    9.053367] ACPI: PCI Interrupt Link [LNKB] (IRQs 5 9 10 *11)
[    9.077430] ACPI: PCI Interrupt Link [LNKC] (IRQs 5 9 *10 11)
[    9.119971] ACPI: PCI Interrupt Link [LNKD] (IRQs 5 *9 10 11)
[    9.149803] ACPI: Enabled 2 GPEs in block 00 to 07
[    9.169712] vgaarb: setting as boot device: PCI:0000:00:02.0
[    9.186869] vgaarb: device added: PCI:0000:00:02.0,decodes=io+mem,owns=io+mem,locks=none
[    9.207517] vgaarb: loaded
[    9.221733] vgaarb: bridge control possible 0000:00:02.0
[    9.254173] SCSI subsystem initialized
[    9.271616] ACPI: bus type USB registered
[    9.292793] usbcore: registered new interface driver usbfs
[    9.332696] usbcore: registered new interface driver hub
[    9.337727] usbcore: registered new device driver usb
[    9.355705] PCI: Using ACPI for IRQ routing
[    9.370858] NetLabel: Initializing
[    9.378810] NetLabel:  domain hash size = 128
[    9.396677] NetLabel:  protocols = UNLABELED CIPSOv4
[    9.443836] NetLabel:  unlabeled traffic allowed by default
[    9.525286] amd_nb: Cannot enumerate AMD northbridges
[    9.604113] clocksource: Switched to clocksource kvm-clock
[    9.723833] AppArmor: AppArmor Filesystem Enabled
[    9.790630] pnp: PnP ACPI init
[    9.810797] pnp: PnP ACPI: found 3 devices
[    9.851870] clocksource: acpi_pm: mask: 0xffffff max_cycles: 0xffffff, max_idle_ns: 2085701024 ns
[    9.884842] NET: Registered protocol family 2
[    9.891287] TCP established hash table entries: 8192 (order: 4, 65536 bytes)
[    9.971873] TCP bind hash table entries: 8192 (order: 5, 131072 bytes)
[   10.038573] TCP: Hash tables configured (established 8192 bind 8192)
[   10.069040] UDP hash table entries: 512 (order: 2, 16384 bytes)
[   10.109870] UDP-Lite hash table entries: 512 (order: 2, 16384 bytes)
[   10.164293] NET: Registered protocol family 1
[   10.165472] pci 0000:00:00.0: Limiting direct PCI/PCI transfers
[   10.208209] pci 0000:00:01.0: Activating ISA DMA hang workarounds
[   10.271874] Unpacking initramfs...
[   10.556934] Freeing initrd memory: 15348K
[   10.605512] platform rtc_cmos: registered platform RTC device (no PNP device found)
[   10.806711] Scanning for low memory corruption every 60 seconds
[   10.914613] audit: initializing netlink subsys (disabled)
[   10.953474] audit: type=2000 audit(1524623703.999:1): initialized
[   10.971652] Initialise system trusted keyring
[   10.993532] HugeTLB registered 2 MB page size, pre-allocated 0 pages
[   11.038242] zbud: loaded
[   11.055453] VFS: Disk quotas dquot_6.6.0
[   11.110677] VFS: Dquot-cache hash table entries: 512 (order 0, 4096 bytes)
[   11.170954] squashfs: version 4.0 (2009/01/31) Phillip Lougher
[   11.224628] fuse init (API version 7.23)
[   11.238438] Key type big_key registered
[   11.260854] Allocating IMA MOK and blacklist keyrings.
[   11.285954] Key type asymmetric registered
[   11.330338] Asymmetric key parser 'x509' registered
[   11.362478] Block layer SCSI generic (bsg) driver version 0.4 loaded (major 249)
[   11.398745] io scheduler noop registered
[   11.426622] io scheduler deadline registered (default)
[   11.469124] io scheduler cfq registered
[   11.509597] pci_hotplug: PCI Hot Plug PCI Core version: 0.5
[   11.530458] pciehp: PCI Express Hot Plug Controller Driver version: 0.4
[   11.568464] ACPI: AC Adapter [AC] (on-line)
[   11.588913] input: Power Button as /devices/LNXSYSTM:00/LNXPWRBN:00/input/input0
[   11.619823] tsc: Refined TSC clocksource calibration: 2303.960 MHz
[   11.636571] ACPI: Power Button [PWRF]
[   11.636710] input: Sleep Button as /devices/LNXSYSTM:00/LNXSLPBN:00/input/input1
[   11.636711] ACPI: Sleep Button [SLPF]
[   11.638396] ACPI: Battery Slot [BAT0] (battery present)
[   11.638452] GHES: HEST is not enabled!
[   11.638592] Serial: 8250/16550 driver, 32 ports, IRQ sharing enabled
[   11.676098] 00:02: ttyS0 at I/O 0x3f8 (irq = 4, base_baud = 115200) is a 16550A
[   11.706751] Linux agpgart interface v0.103
[   11.716501] loop: module loaded
[   11.717108] scsi host0: ata_piix
[   11.717165] scsi host1: ata_piix
[   11.717198] ata1: PATA max UDMA/33 cmd 0x1f0 ctl 0x3f6 bmdma 0xd000 irq 14
[   11.717199] ata2: PATA max UDMA/33 cmd 0x170 ctl 0x376 bmdma 0xd008 irq 15
[   11.717290] libphy: Fixed MDIO Bus: probed
[   11.717293] tun: Universal TUN/TAP device driver, 1.6
[   11.717293] tun: (C) 1999-2004 Max Krasnyansky <maxk@qualcomm.com>
[   11.717968] PPP generic driver version 2.4.2
[   11.718038] ehci_hcd: USB 2.0 'Enhanced' Host Controller (EHCI) Driver
[   11.718043] ehci-pci: EHCI PCI platform driver
[   11.718061] ehci-platform: EHCI generic platform driver
[   11.718072] ohci_hcd: USB 1.1 'Open' Host Controller (OHCI) Driver
[   11.718079] ohci-pci: OHCI PCI platform driver
[   11.718088] ohci-platform: OHCI generic platform driver
[   11.718098] uhci_hcd: USB Universal Host Controller Interface driver
[   11.718161] i8042: PNP: PS/2 Controller [PNP0303:PS2K,PNP0f03:PS2M] at 0x60,0x64 irq 1,12
[   11.726268] serio: i8042 KBD port at 0x60,0x64 irq 1
[   11.726276] serio: i8042 AUX port at 0x60,0x64 irq 12
[   11.726448] mousedev: PS/2 mouse device common for all mice
[   11.726823] rtc_cmos rtc_cmos: rtc core: registered rtc_cmos as rtc0
[   11.726880] rtc_cmos rtc_cmos: alarms up to one day, 114 bytes nvram
[   11.726887] i2c /dev entries driver
[   11.726947] device-mapper: uevent: version 1.0.3
[   11.727006] device-mapper: ioctl: 4.34.0-ioctl (2015-10-28) initialised: dm-devel@redhat.com
[   11.727022] ledtrig-cpu: registered to indicate activity on CPUs
[   11.727315] NET: Registered protocol family 10
[   11.727465] NET: Registered protocol family 17
[   11.727476] Key type dns_resolver registered
[   11.727722] registered taskstats version 1
[   11.727739] Loading compiled-in X.509 certificates
[   11.728394] Loaded X.509 cert 'Build time autogenerated kernel key: 1980cda84f1f26b64be4db6155d00e7fd6d05190'
[   11.728425] zswap: loaded using pool lzo/zbud
[   11.730563] Key type trusted registered
[   11.735028] Key type encrypted registered
[   11.735036] AppArmor: AppArmor sha1 policy hashing enabled
[   11.735039] ima: No TPM chip found, activating TPM-bypass!
[   11.735059] evm: HMAC attrs: 0x1
[   11.735517]   Magic number: 14:105:562
[   11.735700] rtc_cmos rtc_cmos: setting system clock to 2018-04-25 02:35:08 UTC (1524623708)
[   11.735816] BIOS EDD facility v0.16 2004-Jun-25, 0 devices found
[   11.735817] EDD information not available.
[   11.821020] input: AT Translated Set 2 keyboard as /devices/platform/i8042/serio0/input/input2
[   13.319065] clocksource: tsc: mask: 0xffffffffffffffff max_cycles: 0x2135d216c54, max_idle_ns: 440795256047 ns
[   13.419928] Freeing unused kernel memory: 1508K
[   13.491346] Write protecting the kernel read-only data: 14336k
[   13.576991] Freeing unused kernel memory: 1696K
[   13.666315] Freeing unused kernel memory: 100K
Loading, please [   13.737005] random: systemd-udevd: uninitialized urandom read (16 bytes read, 7 bits of entropy available)
wait...
startin[   13.737479] random: udevadm: uninitialized urandom read (16 bytes read, 7 bits of entropy available)
g version 229
[   13.737494] random: udevadm: uninitialized urandom read (16 bytes read, 7 bits of entropy available)
[   13.744148] random: udevadm: uninitialized urandom read (16 bytes read, 7 bits of entropy available)
[   13.744229] random: udevadm: uninitialized urandom read (16 bytes read, 7 bits of entropy available)
[   13.744451] random: udevadm: uninitialized urandom read (16 bytes read, 7 bits of entropy available)
[   13.744570] random: udevadm: uninitialized urandom read (16 bytes read, 7 bits of entropy available)
[   13.744644] random: udevadm: uninitialized urandom read (16 bytes read, 7 bits of entropy available)
[   13.744707] random: udevadm: uninitialized urandom read (16 bytes read, 7 bits of entropy available)
[   13.744779] random: udevadm: uninitialized urandom read (16 bytes read, 7 bits of entropy available)
[   14.539571] e1000: Intel(R) PRO/1000 Network Driver - version 7.3.21-k8-NAPI
[   14.626756] e1000: Copyright (c) 1999-2006 Intel Corporation.
[   14.697625] Fusion MPT base driver 3.04.20
[   14.755194] Copyright (c) 1999-2008 LSI Corporation
[   14.806155] AVX version of gcm_enc/dec engaged.
[   14.853090] AES CTR mode by8 optimization enabled
[   14.869348] Fusion MPT SPI Host driver 3.04.20
[   15.005339] input: ImExPS/2 Generic Explorer Mouse as /devices/platform/i8042/serio1/input/input4
[   15.288208] e1000 0000:00:03.0 eth0: (PCI:33MHz:32-bit) 02:39:99:10:d1:5e
[   15.362595] e1000 0000:00:03.0 eth0: Intel(R) PRO/1000 Network Connection
[   15.430663] mptbase: ioc0: Initiating bringup
[   15.435434] e1000 0000:00:03.0 enp0s3: renamed from eth0
[   15.529015] ioc0: LSI53C1030 A0: Capabilities={Initiator}
[   15.711985] scsi host2: ioc0: LSI53C1030 A0, FwRev=00000000h, Ports=1, MaxQ=256, IRQ=20
[   15.864984] scsi 2:0:0:0: Direct-Access     VBOX     HARDDISK         1.0  PQ: 0 ANSI: 5
[   15.903847] scsi target2:0:0: Beginning Domain Validation
[   15.920302] scsi target2:0:0: Domain Validation skipping write tests
[   15.940540] scsi target2:0:0: Ending Domain Validation
[   15.967104] scsi target2:0:0: asynchronous
[   15.985967] scsi 2:0:1:0: Direct-Access     VBOX     HARDDISK         1.0  PQ: 0 ANSI: 5
[   16.003242] scsi target2:0:1: Beginning Domain Validation
[   16.027141] scsi target2:0:1: Domain Validation skipping write tests
[   16.087580] scsi target2:0:1: Ending Domain Validation
[   16.111764] scsi target2:0:1: asynchronous
[   16.179718] sd 2:0:0:0: [sda] 20971520 512-byte logical blocks: (10.7 GB/10.0 GiB)
[   16.188696] sd 2:0:0:0: Attached scsi generic sg0 type 0
[   16.323072] sd 2:0:1:0: Attached scsi generic sg1 type 0
[   16.323439] sd 2:0:1:0: [sdb] 20480 512-byte logical blocks: (10.5 MB/10.0 MiB)
[   16.323646] sd 2:0:1:0: [sdb] Write Protect is off
[   16.323761] sd 2:0:1:0: [sdb] Incomplete mode parameter data
[   16.323762] sd 2:0:1:0: [sdb] Assuming drive cache: write through
[   16.328534] sd 2:0:1:0: [sdb] Attached SCSI disk
[   16.633743] sd 2:0:0:0: [sda] Write Protect is off
[   16.655648] sd 2:0:0:0: [sda] Incomplete mode parameter data
[   16.693909] sd 2:0:0:0: [sda] Assuming drive cache: write through
[   16.719832]  sda: sda1
[   16.727048] sd 2:0:0:0: [sda] Attached SCSI disk
Begin: Loading e[   18.118835] md: linear personality registered for level -1
ssential drivers[   18.241544] md: multipath personality registered for level -4
 ... [   18.370745] md: raid0 personality registered for level 0
[   18.408867] md: raid1 personality registered for level 1
[   18.500379] raid6: sse2x1   gen()  7822 MB/s
[   18.596202] raid6: sse2x1   xor()  4779 MB/s
[   18.688509] raid6: sse2x2   gen()  9428 MB/s
[   18.772531] raid6: sse2x2   xor()  5232 MB/s
[   18.848193] raid6: sse2x4   gen()  2260 MB/s
[   18.932159] raid6: sse2x4   xor()  7066 MB/s
[   18.951768] raid6: using algorithm sse2x2 gen() 9428 MB/s
[   18.957034] raid6: .... xor() 5232 MB/s, rmw enabled
[   18.960676] raid6: using ssse3x2 recovery algorithm
[   18.977008] xor: automatically using best checksumming function:
[   19.056156]    avx       : 18489.000 MB/sec
[   19.146081] async_tx: api initialized (async)
[   19.182925] md: raid6 personality registered for level 6
[   19.235999] md: raid5 personality registered for level 5
[   19.317857] md: raid4 personality registered for level 4
[   19.402143] md: raid10 personality registered for level 10
done.
Begin: Running /scripts/init-premount ... done.
Begin: Mounti[   19.552288] Btrfs loaded
ng root file system ... Begin: Running /scripts/[   19.620859] EXT4-fs (sda1): mounted filesystem with ordered data mode. Opts: (null)
local-top ... done.
Begin: Running /scripts/local-premount ... Scanning for Btrfs filesystems
done.
Warning: fsck not present, so skipping root file system
done.
Begin: Running /scripts/local-bottom ... done.
Begin: Running /scripts/init-bottom ... done.
[   19.910882] systemd[1]: systemd 229 running in system mode. (+PAM +AUDIT +SELINUX +IMA +APPARMOR +SMACK +SYSVINIT +UTMP +LIBCRYPTSETUP +GCRYPT +GNUTLS +ACL +XZ -LZ4 +SECCOMP +BLKID +ELFUTILS +KMOD -IDN)
[   20.180954] systemd[1]: Detected virtualization oracle.
[   20.197872] systemd[1]: Detected architecture x86-64.

Welcome to [1mUbuntu 16.04.4 LTS[0m!

[   20.237236] systemd[1]: Set hostname to <ubuntu-xenial>.
[   20.449599] systemd[1]: Set up automount Arbitrary Executable File Formats File System Automount Point.
[[0;32m  OK  [0m] Set up automount Arbitrary Executab...ats File System Automount Point.
[   20.728937] systemd[1]: Listening on udev Kernel Socket.
[[0;32m  OK  [0m] Listening on udev Kernel Socket.
[   20.917037] systemd[1]: Listening on LVM2 metadata daemon socket.
[[0;32m  OK  [0m] Listening on LVM2 metadata daemon socket.
[   21.073586] systemd[1]: Listening on Device-mapper event daemon FIFOs.
[[0;32m  OK  [0m] Listening on Device-mapper event daemon FIFOs.
[   21.132739] systemd[1]: Listening on Journal Audit Socket.
[[0;32m  OK  [0m] Listening on Journal Audit Socket.
[   21.226140] systemd[1]: Created slice System Slice.
[[0;32m  OK  [0m] Created slice System Slice.
[   21.248920] systemd[1]: Created slice system-serial\x2dgetty.slice.
[[0;32m  OK  [0m] Created slice system-serial\x2dgetty.slice.
[   21.304686] systemd[1]: Started Trigger resolvconf update for networkd DNS.
[[0;32m  OK  [0m] Started Trigger resolvconf update for networkd DNS.
[   21.380033] systemd[1]: Listening on Journal Socket (/dev/log).
[[0;32m  OK  [0m] Listening on Journal Socket (/dev/log).
[   21.465081] systemd[1]: Listening on /dev/initctl Compatibility Named Pipe.
[[0;32m  OK  [0m] Listening on /dev/initctl Compatibility Named Pipe.
[   21.533137] systemd[1]: Reached target Swap.
[[0;32m  OK  [0m] Reached target Swap.
[   21.620639] systemd[1]: Reached target User and Group Name Lookups.
[[0;32m  OK  [0m] Reached target User and Group Name Lookups.
[   21.708538] systemd[1]: Reached target Encrypted Volumes.
[[0;32m  OK  [0m] Reached target Encrypted Volumes.
[   21.888582] systemd[1]: Listening on LVM2 poll daemon socket.
[[0;32m  OK  [0m] Listening on LVM2 poll daemon socket.
[   22.040629] systemd[1]: Reached target System Time Synchronized.
[[0;32m  OK  [0m] Reached target System Time Synchronized.
[   22.189163] systemd[1]: Started Forward Password Requests to Wall Directory Watch.
[[0;32m  OK  [0m] Started Forward Password Requests to Wall Directory Watch.
[   22.281224] systemd[1]: Created slice User and Session Slice.
[[0;32m  OK  [0m] Created slice User and Session Slice.
[   22.336877] systemd[1]: Reached target Slices.
[[0;32m  OK  [0m] Reached target Slices.
[   22.401420] systemd[1]: Listening on Syslog Socket.
[[0;32m  OK  [0m] Listening on Syslog Socket.
[   22.460949] systemd[1]: Listening on udev Control Socket.
[[0;32m  OK  [0m] Listening on udev Control Socket.
[   22.553310] systemd[1]: Listening on Journal Socket.
[[0;32m  OK  [0m] Listening on Journal Socket.
[   22.732974] systemd[1]: Mounting Huge Pages File System...
[   22.813111] random: nonblocking pool is initialized
         Mounting Huge Pages File System...
[   22.884730] systemd[1]: Starting Set console keymap...
         Starting Set console keymap...
[   22.996562] systemd[1]: Mounting Debug File System...
         Mounting Debug File System...
[   23.060901] systemd[1]: Starting Remount Root and Kernel File Systems...
[   23.065357] EXT4-fs (sda1): re-mounted. Opts: (null)
         Starting Remount Root and Kernel File Systems...
[   23.146178] systemd[1]: Starting Nameserver information manager...
         Starting Nameserver information manager...
[   23.212780] systemd[1]: Starting Monitoring of LVM2 mirrors, snapshots etc. using dmeventd or progress polling...
         Starting Monitoring of LVM2 mirrors... dmeventd or progress polling...
[   23.440452] systemd[1]: Starting Journal Service...
         Starting Journal Service...
[   23.500843] systemd[1]: Starting Uncomplicated firewall...
         Starting Uncomplicated firewall...
[   23.608472] systemd[1]: Mounting POSIX Message Queue File System...
         Mounting POSIX Message Queue File System...
[   23.764815] systemd[1]: Starting Load Kernel Modules...
[   23.810659] Loading iSCSI transport class v2.0-870.
         Starting Load Kernel Modules...[   23.846304] iscsi: registered transport (tcp)

[   23.889961] systemd[1]: Starting Create list of required static device nodes for the current kernel...
         Starting Create list of required st... nodes for the current kernel...
[   23.933062] iscsi: registered transport (iser)
[   23.969417] systemd[1]: Mounted Debug File System.
[[0;32m  OK  [0m] Mounted Debug File System.
[   24.008786] systemd[1]: Mounted POSIX Message Queue File System.
[[0;32m  OK  [0m] Mounted POSIX Message Queue File System.
[   24.076812] systemd[1]: Mounted Huge Pages File System.
[[0;32m  OK  [0m] Mounted Huge Pages File System.
[   24.130641] systemd[1]: Started Journal Service.
[[0;32m  OK  [0m] Started Journal Service.
[[0;32m  OK  [0m] Started Set console keymap.
[[0;32m  OK  [0m] Started Remount Root and Kernel File Systems.
[[0;32m  OK  [0m] Started Uncomplicated firewall.
[[0;32m  OK  [0m] Started Load Kernel Modules.
[[0;32m  OK  [0m] Started Create list of required sta...ce nodes for the current kernel.
[[0;32m  OK  [0m] Started Nameserver information manager.
[[0;32m  OK  [0m] Started LVM2 metadata daemon.
         Starting Create Static Device Nodes in /dev...
         Mounting FUSE Control File System...
         Starting Apply Kernel Variables...
         Starting Initial cloud-init job (pre-networking)...
         Starting Load/Save Random Seed...
         Starting udev Coldplug all Devices...
         Starting Flush Journal to Persistent Storage...
[[0;32m  OK  [0m] Mounted FUSE Control File System.
[[0;32m  OK  [0m] Started Create Static Device Nodes in /dev.
[[0;32m  OK  [0m] Started Apply Kernel Variables.
[[0;32m  OK  [0m] Started Load/Save Random Seed.
[[0;32m  OK  [0m] Started udev Coldplug all Devices.
[[0;32m  OK  [0m] Started Monitoring of LVM2 mirrors,...ng dmeventd or progress polling.
[[0;32m  OK  [0m] Started Flush Journal to Persistent Storage.
         Starting udev Kernel Device Manager...
[[0;32m  OK  [0m] Started udev Kernel Device Manager.
[[0;32m  OK  [0m] Started Dispatch Password Requests to Console Directory Watch.
[[0;32m  OK  [0m] Reached target Local File Systems (Pre).
[[0;32m  OK  [0m] Reached target Local File Systems.
         Starting Create Volatile Files and Directories...
         Starting Tell Plymouth To Write Out Runtime Data...
         Starting Set console font and keymap...
         Starting LSB: AppArmor initialization...
[[0;32m  OK  [0m] Started Create Volatile Files and Directories.
[[0;32m  OK  [0m] Started Tell Plymouth To Write Out Runtime Data.
[   16.896571] cloud-init[444]: Cloud-init v. 17.2 running 'init-local' at Wed, 25 Apr 2018 02:35:22 +0000. Up 16.52 seconds.
[[0;32m  OK  [0m] Found device /dev/ttyS0.
[[0;32m  OK  [0m] Started LSB: AppArmor initialization.
[[0;32m  OK  [0m] Started Initial cloud-init job (pre-networking).
[[0;32m  OK  [0m] Listening on Load/Save RF Kill Switch Status /dev/rfkill Watch.
[[0;32m  OK  [0m] Reached target Network (Pre).
         Starting Raise network interfaces...
[[0;32m  OK  [0m] Started ifup for enp0s3.
         Starting Update UTMP about System Boot/Shutdown...
[[0;32m  OK  [0m] Started Set console font and keymap.
[[0;32m  OK  [0m] Created slice system-getty.slice.
[[0;32m  OK  [0m] Started Update UTMP about System Boot/Shutdown.
[[0;32m  OK  [0m] Started Raise network interfaces.
[[0;32m  OK  [0m] Reached target Network.
         Starting Initial cloud-init job (metadata service crawler)...
[   19.145688] cloud-init[946]: Cloud-init v. 17.2 running 'init' at Wed, 25 Apr 2018 02:35:24 +0000. Up 18.66 seconds.
[   19.183361] cloud-init[946]: ci-info: +++++++++++++++++++++++++++++++++++++Net device info++++++++++++++++++++++++++++++++++++++
[   19.206726] cloud-init[946]: ci-info: +--------+------+----------------------------+---------------+-------+-------------------+
[   19.257124] [[0;32m  OK  [0m] Started Initial cloud-init job (metadata service crawler).
[[0;32m  OK  [0m] Reached target System Initialization.
[[0;32m  OK  [0m] Listening on D-Bus System Message Bus Socket.
cloud-init[946]: ci-info: | Device |  Up  |          Address           |      Mask     | Scope |     Hw-Address    |
[   19.325793] cloud-init[946]: ci-info: +--------+------+----------------------------+---------------+-------+-------------------+
[   19.333941] cloud-init[946]: ci-info: | enp0s3 | True |         10.0.2.15          | 255.255.255.0 |   .   | 02:39:99:10:d1:5e |
[   19.333980] cloud-init[946]: ci-info: | enp0s3 | True | fe80::39:99ff:fe10:d15e/64 |       .       |  link | 02:39:99:10:d1:5e |
[   19.334009] cloud-init[946]: ci-info: |   lo   | True |         127.0.0.1          |   255.0.0.0   |   .   |         .         |
[   19.334036] cloud-init[946]: ci-info: |   lo   | True |          ::1/128           |       .       |  host |         .         |
[   19.334063] cloud-init[946]: ci-info: +--------+------+----------------------------+---------------+-------+-------------------+
[   19.334096] cloud-init[946]: ci-info: +++++++++++++++++++++++++++Route IPv4 info++++++++++++++++++++++++++++
[   19.334130] cloud-init[946]: ci-info: +-------+-------------+----------+---------------+-----------+-------+
[   19.334166] cloud-init[946]: ci-info: | Route | Destination | Gateway  |    Genmask    | Interface | Flags |
[   19.334207] cloud-init[946]: ci-info: +-------+-------------+----------+---------------+-----------+-------+
[   19.334243] cloud-init[946]: ci-info: |   0   |   0.0.0.0   | 10.0.2.2 |    0.0.0.0    |   enp0s3  |   UG  |
[   19.334279] cloud-init[946]: ci-info: |   1   |   10.0.2.0  | 0.0.0.0  | 255.255.255.0 |   enp0s3  |   U   |
[   19.334310] cloud-init[946]: ci-info: +-------+-------------+----------+---------------+-----------+-------+
[[0;32m  OK  [0m] Started Daily apt download activities.
[[0;32m  OK  [0m] Started ACPI Events Check.
[[0;32m  OK  [0m] Reached target Paths.
[[0;32m  OK  [0m] Listening on UUID daemon activation socket.
[[0;32m  OK  [0m] Started Daily apt upgrade and clean activities.
[[0;32m  OK  [0m] Started Daily Cleanup of Temporary Directories.
[[0;32m  OK  [0m] Started Timer to automatically refresh installed snaps.
         Starting LXD - unix socket.
[[0;32m  OK  [0m] Reached target Timers.
         Starting Socket activation for snappy daemon.
[[0;32m  OK  [0m] Listening on ACPID Listen Socket.
[[0;32m  OK  [0m] Reached target Cloud-config availability.
[[0;32m  OK  [0m] Reached target Network is Online.
         Starting iSCSI initiator daemon (iscsid)...
[[0;32m  OK  [0m] Listening on LXD - unix socket.
[[0;32m  OK  [0m] Listening on Socket activation for snappy daemon.
[[0;32m  OK  [0m] Reached target Sockets.
[[0;32m  OK  [0m] Reached target Basic System.
[[0;32m  OK  [0m] Started Deferred execution scheduler.
         Starting Accounts Service...
         Starting Login Service...
[[0;32m  OK  [0m] Started Regular background program processing daemon.
         Starting System Logging Service...
[[0;32m  OK  [0m] Started Unattended Upgrades Shutdown.
[[0;32m  OK  [0m] Started D-Bus System Message Bus.
         Starting Apply the settings specified in cloud-config...
         Starting Snappy daemon...
[[0;32m  OK  [0m] Started FUSE filesystem for LXC.
         Starting OpenBSD Secure Shell server...
         Starting LSB: Record successful boot for GRUB...
         Starting Virtualbox guest utils...
         Starting LSB: MD monitoring daemon...
[[0;32m  OK  [0m] Started ACPI event daemon.
         Starting /etc/rc.local Compatibility...
         Starting LXD - container startup/shutdown...
[[0;32m  OK  [0m] Started System Logging Service.
[[0;32m  OK  [0m] Started OpenBSD Secure Shell server.
[[0;32m  OK  [0m] Started Snappy daemon.
[[0;32m  OK  [0m] Started iSCSI initiator daemon (iscsid).
[[0;32m  OK  [0m] Started /etc/rc.local Compatibility.
[[0;32m  OK  [0m] Started LXD - container startup/shutdown.
[[0;32m  OK  [0m] Started LSB: Record successful boot for GRUB.
[[0;32m  OK  [0m] Started Login Service.
[[0;32m  OK  [0m] Started LSB: MD monitoring daemon.
[[0;32m  OK  [0m] Started Virtualbox guest utils.
         Starting Authenticate and Authorize Users to Run Privileged Tasks...
         Starting Login to default iSCSI targets...
[[0;32m  OK  [0m] Started Authenticate and Authorize Users to Run Privileged Tasks.
[[0;32m  OK  [0m] Started Accounts Service.
[[0;32m  OK  [0m] Started Login to default iSCSI targets.
[[0;32m  OK  [0m] Reached target Remote File Systems (Pre).
[[0;32m  OK  [0m] Reached target Remote File Systems.
[   21.527763] cloud-init[1022]: Cloud-init v. 17.2 running 'modules:config' at Wed, 25 Apr 2018 02:35:26 +0000. Up 21.26 seconds.
         Starting LSB: automatic crash report generation...
         Starting LSB: Set the CPU Frequency Scaling governor to "ondemand"...
         Starting Permit User Sessions...
         Starting LSB: daemon to balance interrupts for SMP systems...
[[0;32m  OK  [0m] Started Apply the settings specified in cloud-config.
[[0;32m  OK  [0m] Started Permit User Sessions.
[[0;32m  OK  [0m] Started LSB: Set the CPU Frequency Scaling governor to "ondemand".
[[0;32m  OK  [0m] Started LSB: automatic crash report generation.
[[0;32m  OK  [0m] Created slice User Slice of vagrant.
         Starting User Manager for UID 1000...
[[0;32m  OK  [0m] Started Session 1 of user vagrant.
         Starting Terminate Plymouth Boot Screen...
         Starting Hold until boot process finishes up...
[[0;32m  OK  [0m] Started User Manager for UID 1000.
[[0;32m  OK  [0m] Started LSB: daemon to balance interrupts for SMP systems.
[[0;32m  OK  [0m] Started Terminate Plymouth Boot Screen.
[[0;32m  OK  [0m] Started Hold until boot process finishes up.
[[0;32m  OK  [0m] Started Getty on tty1.
         Starting Set console scheme...
[[0;32m  OK  [0m] Started Serial Getty on ttyS0.
[[0;32m  OK  [0m] Reached target Login Prompts.
[[0;32m  OK  [0m] Reached target Multi-User System.
         Starting Execute cloud user/final scripts...
[[0;32m  OK  [0m] Reached target Graphical Interface.
         Starting Update UTMP about System Runlevel Changes...
[[0;32m  OK  [0m] Started Set console scheme.
[[0;32m  OK  [0m] Started Update UTMP about System Runlevel Changes.
[   23.399554] cloud-init[1189]: Cloud-init v. 17.2 running 'modules:final' at Wed, 25 Apr 2018 02:35:28 +0000. Up 23.11 seconds.
[   23.452795] cloud-init[1189]: Cloud-init v. 17.2 finished at Wed, 25 Apr 2018 02:35:29 +0000. Datasource DataSourceNoCloud [seed=/dev/sdb][dsmode=net].  Up 23.39 seconds
[[0;32m  OK  [0m] Started Execute cloud user/final scripts.
         Starting Daily apt download activities...
[[0;32m  OK  [0m] Reached target Cloud-init target.
         Stopping User Manager for UID 1000...
[[0;32m  OK  [0m] Stopped User Manager for UID 1000.
[[0;32m  OK  [0m] Removed slice User Slice of vagrant.

Ubuntu 16.04.4 LTS ubuntu-xenial ttyS0

ubuntu-xenial login: 